// Jest Snapshot v1, https://goo.gl/fbAQLP

exports[`Component - Input should render without crashing 1`] = `ShallowWrapper {}`;

exports[`Component - Input should render without crashing 2`] = `ShallowWrapper {}`;

exports[`Component - Input should trigger change without crashing 1`] = `ShallowWrapper {}`;
